// Jest Snapshot v1, https://goo.gl/fbAQLP

exports[`<FamilyMemberForm /> should render FamilyMemberForm as expected 1`] = `
<FamilyMemberForm>
  <Container
    className="familyMembers"
    component="div"
    fluid={false}
    lg={false}
    md={false}
    sm={false}
    style={Object {}}
    xl={false}
    xs={false}
  >
    <ScreenClassResolver>
      <ScreenClassProvider
        useOwnWidth={false}
      >
        <div
          className="familyMembers"
          style={
            Object {
              "boxSizing": "border-box",
              "marginLeft": "auto",
              "marginRight": "auto",
              "maxWidth": "960px",
              "paddingLeft": "15px",
              "paddingRight": "15px",
              "position": "relative",
            }
          }
        >
          <Row
            align="normal"
            className="row"
            component="div"
            debug={false}
            justify="start"
            nogutter={false}
            style={Object {}}
          >
            <div
              className="row"
              style={
                Object {
                  "alignItems": "normal",
                  "display": "flex",
                  "flexGrow": 0,
                  "flexShrink": 0,
                  "flexWrap": "wrap",
                  "justifyContent": "flex-start",
                  "marginLeft": "-15px",
                  "marginRight": "-15px",
                }
              }
            >
              <Col
                component="div"
                debug={false}
                lg={null}
                md={null}
                offset={Object {}}
                pull={Object {}}
                push={Object {}}
                sm={null}
                style={Object {}}
                xl={null}
                xs={null}
              >
                <ScreenClassResolver>
                  <div
                    style={
                      Object {
                        "boxSizing": "border-box",
                        "flexBasis": 0,
                        "flexGrow": 1,
                        "flexShrink": 0,
                        "left": "auto",
                        "marginLeft": "0%",
                        "maxWidth": "100%",
                        "minHeight": "1px",
                        "paddingLeft": "15px",
                        "paddingRight": "15px",
                        "position": "relative",
                        "right": "auto",
                        "width": "100%",
                      }
                    }
                  >
                    <p>
                      Please remember that for children under the age of 16 all consultations must be via video and a parent or guardian must be present.
                    </p>
                  </div>
                </ScreenClassResolver>
              </Col>
            </div>
          </Row>
          <Row
            align="normal"
            className="row"
            component="div"
            debug={false}
            justify="start"
            nogutter={false}
            style={Object {}}
          >
            <div
              className="row"
              style={
                Object {
                  "alignItems": "normal",
                  "display": "flex",
                  "flexGrow": 0,
                  "flexShrink": 0,
                  "flexWrap": "wrap",
                  "justifyContent": "flex-start",
                  "marginLeft": "-15px",
                  "marginRight": "-15px",
                }
              }
            >
              <Col
                component="div"
                debug={false}
                lg={null}
                md={null}
                offset={Object {}}
                pull={Object {}}
                push={Object {}}
                sm={null}
                style={Object {}}
                xl={null}
                xs={null}
              >
                <ScreenClassResolver>
                  <div
                    style={
                      Object {
                        "boxSizing": "border-box",
                        "flexBasis": 0,
                        "flexGrow": 1,
                        "flexShrink": 0,
                        "left": "auto",
                        "marginLeft": "0%",
                        "maxWidth": "100%",
                        "minHeight": "1px",
                        "paddingLeft": "15px",
                        "paddingRight": "15px",
                        "position": "relative",
                        "right": "auto",
                        "width": "100%",
                      }
                    }
                  >
                    <TextBox
                      label="First Name"
                      name="firstName"
                      onChange={[Function]}
                      value=""
                    >
                      <div
                        className="textBox"
                      >
                        <label
                          className="title"
                          htmlFor="firstName"
                        >
                          First Name
                        </label>
                        <input
                          className="input"
                          id="firstName"
                          name="firstName"
                          onChange={[Function]}
                          type="text"
                          value=""
                        />
                      </div>
                    </TextBox>
                  </div>
                </ScreenClassResolver>
              </Col>
              <Col
                component="div"
                debug={false}
                lg={null}
                md={null}
                offset={Object {}}
                pull={Object {}}
                push={Object {}}
                sm={null}
                style={Object {}}
                xl={null}
                xs={null}
              >
                <ScreenClassResolver>
                  <div
                    style={
                      Object {
                        "boxSizing": "border-box",
                        "flexBasis": 0,
                        "flexGrow": 1,
                        "flexShrink": 0,
                        "left": "auto",
                        "marginLeft": "0%",
                        "maxWidth": "100%",
                        "minHeight": "1px",
                        "paddingLeft": "15px",
                        "paddingRight": "15px",
                        "position": "relative",
                        "right": "auto",
                        "width": "100%",
                      }
                    }
                  >
                    <TextBox
                      label="Last Name"
                      name="lastName"
                      onChange={[Function]}
                      value=""
                    >
                      <div
                        className="textBox"
                      >
                        <label
                          className="title"
                          htmlFor="lastName"
                        >
                          Last Name
                        </label>
                        <input
                          className="input"
                          id="lastName"
                          name="lastName"
                          onChange={[Function]}
                          type="text"
                          value=""
                        />
                      </div>
                    </TextBox>
                  </div>
                </ScreenClassResolver>
              </Col>
            </div>
          </Row>
          <Row
            align="normal"
            component="div"
            debug={false}
            justify="start"
            nogutter={false}
            style={Object {}}
          >
            <div
              style={
                Object {
                  "alignItems": "normal",
                  "display": "flex",
                  "flexGrow": 0,
                  "flexShrink": 0,
                  "flexWrap": "wrap",
                  "justifyContent": "flex-start",
                  "marginLeft": "-15px",
                  "marginRight": "-15px",
                }
              }
            >
              <Col
                component="div"
                debug={false}
                lg={null}
                md={null}
                offset={Object {}}
                pull={Object {}}
                push={Object {}}
                sm={null}
                style={Object {}}
                xl={null}
                xs={null}
              >
                <ScreenClassResolver>
                  <div
                    style={
                      Object {
                        "boxSizing": "border-box",
                        "flexBasis": 0,
                        "flexGrow": 1,
                        "flexShrink": 0,
                        "left": "auto",
                        "marginLeft": "0%",
                        "maxWidth": "100%",
                        "minHeight": "1px",
                        "paddingLeft": "15px",
                        "paddingRight": "15px",
                        "position": "relative",
                        "right": "auto",
                        "width": "100%",
                      }
                    }
                  >
                    <label
                      htmlFor="date-of-birth"
                    >
                      Date of Birth
                    </label>
                  </div>
                </ScreenClassResolver>
              </Col>
            </div>
          </Row>
          <Row
            align="normal"
            className="row"
            component="div"
            debug={false}
            id="date-of-birth"
            justify="start"
            nogutter={false}
            style={Object {}}
          >
            <div
              className="row"
              id="date-of-birth"
              style={
                Object {
                  "alignItems": "normal",
                  "display": "flex",
                  "flexGrow": 0,
                  "flexShrink": 0,
                  "flexWrap": "wrap",
                  "justifyContent": "flex-start",
                  "marginLeft": "-15px",
                  "marginRight": "-15px",
                }
              }
            >
              <Col
                component="div"
                debug={false}
                lg={null}
                md={null}
                offset={Object {}}
                pull={Object {}}
                push={Object {}}
                sm={null}
                style={Object {}}
                xl={null}
                xs={null}
              >
                <ScreenClassResolver>
                  <div
                    style={
                      Object {
                        "boxSizing": "border-box",
                        "flexBasis": 0,
                        "flexGrow": 1,
                        "flexShrink": 0,
                        "left": "auto",
                        "marginLeft": "0%",
                        "maxWidth": "100%",
                        "minHeight": "1px",
                        "paddingLeft": "15px",
                        "paddingRight": "15px",
                        "position": "relative",
                        "right": "auto",
                        "width": "100%",
                      }
                    }
                  >
                    <SelectCustom
                      name="day"
                      onChange={[Function]}
                      options={
                        Array [
                          Object {
                            "label": "01",
                            "value": "01",
                          },
                          Object {
                            "label": "02",
                            "value": "02",
                          },
                          Object {
                            "label": "03",
                            "value": "03",
                          },
                          Object {
                            "label": "04",
                            "value": "04",
                          },
                          Object {
                            "label": "05",
                            "value": "05",
                          },
                          Object {
                            "label": "06",
                            "value": "06",
                          },
                          Object {
                            "label": "07",
                            "value": "07",
                          },
                          Object {
                            "label": "08",
                            "value": "08",
                          },
                          Object {
                            "label": "09",
                            "value": "09",
                          },
                          Object {
                            "label": "10",
                            "value": "10",
                          },
                          Object {
                            "label": "11",
                            "value": "11",
                          },
                          Object {
                            "label": "12",
                            "value": "12",
                          },
                          Object {
                            "label": "13",
                            "value": "13",
                          },
                          Object {
                            "label": "14",
                            "value": "14",
                          },
                          Object {
                            "label": "15",
                            "value": "15",
                          },
                          Object {
                            "label": "16",
                            "value": "16",
                          },
                          Object {
                            "label": "17",
                            "value": "17",
                          },
                          Object {
                            "label": "18",
                            "value": "18",
                          },
                          Object {
                            "label": "19",
                            "value": "19",
                          },
                          Object {
                            "label": "20",
                            "value": "20",
                          },
                          Object {
                            "label": "21",
                            "value": "21",
                          },
                          Object {
                            "label": "22",
                            "value": "22",
                          },
                          Object {
                            "label": "23",
                            "value": "23",
                          },
                          Object {
                            "label": "24",
                            "value": "24",
                          },
                          Object {
                            "label": "25",
                            "value": "25",
                          },
                          Object {
                            "label": "26",
                            "value": "26",
                          },
                          Object {
                            "label": "27",
                            "value": "27",
                          },
                          Object {
                            "label": "28",
                            "value": "28",
                          },
                          Object {
                            "label": "29",
                            "value": "29",
                          },
                          Object {
                            "label": "30",
                            "value": "30",
                          },
                          Object {
                            "label": "31",
                            "value": "31",
                          },
                        ]
                      }
                      placeholder="Day"
                    >
                      <select
                        className="selectCustom"
                        name="day"
                        onChange={[Function]}
                        placeholder="Day"
                      >
                        <option
                          key="01"
                          value="01"
                        >
                          01
                        </option>
                        <option
                          key="02"
                          value="02"
                        >
                          02
                        </option>
                        <option
                          key="03"
                          value="03"
                        >
                          03
                        </option>
                        <option
                          key="04"
                          value="04"
                        >
                          04
                        </option>
                        <option
                          key="05"
                          value="05"
                        >
                          05
                        </option>
                        <option
                          key="06"
                          value="06"
                        >
                          06
                        </option>
                        <option
                          key="07"
                          value="07"
                        >
                          07
                        </option>
                        <option
                          key="08"
                          value="08"
                        >
                          08
                        </option>
                        <option
                          key="09"
                          value="09"
                        >
                          09
                        </option>
                        <option
                          key="10"
                          value="10"
                        >
                          10
                        </option>
                        <option
                          key="11"
                          value="11"
                        >
                          11
                        </option>
                        <option
                          key="12"
                          value="12"
                        >
                          12
                        </option>
                        <option
                          key="13"
                          value="13"
                        >
                          13
                        </option>
                        <option
                          key="14"
                          value="14"
                        >
                          14
                        </option>
                        <option
                          key="15"
                          value="15"
                        >
                          15
                        </option>
                        <option
                          key="16"
                          value="16"
                        >
                          16
                        </option>
                        <option
                          key="17"
                          value="17"
                        >
                          17
                        </option>
                        <option
                          key="18"
                          value="18"
                        >
                          18
                        </option>
                        <option
                          key="19"
                          value="19"
                        >
                          19
                        </option>
                        <option
                          key="20"
                          value="20"
                        >
                          20
                        </option>
                        <option
                          key="21"
                          value="21"
                        >
                          21
                        </option>
                        <option
                          key="22"
                          value="22"
                        >
                          22
                        </option>
                        <option
                          key="23"
                          value="23"
                        >
                          23
                        </option>
                        <option
                          key="24"
                          value="24"
                        >
                          24
                        </option>
                        <option
                          key="25"
                          value="25"
                        >
                          25
                        </option>
                        <option
                          key="26"
                          value="26"
                        >
                          26
                        </option>
                        <option
                          key="27"
                          value="27"
                        >
                          27
                        </option>
                        <option
                          key="28"
                          value="28"
                        >
                          28
                        </option>
                        <option
                          key="29"
                          value="29"
                        >
                          29
                        </option>
                        <option
                          key="30"
                          value="30"
                        >
                          30
                        </option>
                        <option
                          key="31"
                          value="31"
                        >
                          31
                        </option>
                      </select>
                    </SelectCustom>
                  </div>
                </ScreenClassResolver>
              </Col>
              <Col
                component="div"
                debug={false}
                lg={null}
                md={null}
                offset={Object {}}
                pull={Object {}}
                push={Object {}}
                sm={null}
                style={Object {}}
                xl={null}
                xs={null}
              >
                <ScreenClassResolver>
                  <div
                    style={
                      Object {
                        "boxSizing": "border-box",
                        "flexBasis": 0,
                        "flexGrow": 1,
                        "flexShrink": 0,
                        "left": "auto",
                        "marginLeft": "0%",
                        "maxWidth": "100%",
                        "minHeight": "1px",
                        "paddingLeft": "15px",
                        "paddingRight": "15px",
                        "position": "relative",
                        "right": "auto",
                        "width": "100%",
                      }
                    }
                  >
                    <SelectCustom
                      name="month"
                      onChange={[Function]}
                      options={
                        Array [
                          Object {
                            "label": "January",
                            "value": "01",
                          },
                          Object {
                            "label": "February",
                            "value": "02",
                          },
                          Object {
                            "label": "March",
                            "value": "03",
                          },
                          Object {
                            "label": "April",
                            "value": "04",
                          },
                          Object {
                            "label": "May",
                            "value": "05",
                          },
                          Object {
                            "label": "June",
                            "value": "06",
                          },
                          Object {
                            "label": "July",
                            "value": "07",
                          },
                          Object {
                            "label": "August",
                            "value": "08",
                          },
                          Object {
                            "label": "September",
                            "value": "09",
                          },
                          Object {
                            "label": "October",
                            "value": "010",
                          },
                          Object {
                            "label": "November",
                            "value": "11",
                          },
                          Object {
                            "label": "December",
                            "value": "12",
                          },
                        ]
                      }
                      placeholder="Month"
                    >
                      <select
                        className="selectCustom"
                        name="month"
                        onChange={[Function]}
                        placeholder="Month"
                      >
                        <option
                          key="01"
                          value="01"
                        >
                          January
                        </option>
                        <option
                          key="02"
                          value="02"
                        >
                          February
                        </option>
                        <option
                          key="03"
                          value="03"
                        >
                          March
                        </option>
                        <option
                          key="04"
                          value="04"
                        >
                          April
                        </option>
                        <option
                          key="05"
                          value="05"
                        >
                          May
                        </option>
                        <option
                          key="06"
                          value="06"
                        >
                          June
                        </option>
                        <option
                          key="07"
                          value="07"
                        >
                          July
                        </option>
                        <option
                          key="08"
                          value="08"
                        >
                          August
                        </option>
                        <option
                          key="09"
                          value="09"
                        >
                          September
                        </option>
                        <option
                          key="010"
                          value="010"
                        >
                          October
                        </option>
                        <option
                          key="11"
                          value="11"
                        >
                          November
                        </option>
                        <option
                          key="12"
                          value="12"
                        >
                          December
                        </option>
                      </select>
                    </SelectCustom>
                  </div>
                </ScreenClassResolver>
              </Col>
              <Col
                component="div"
                debug={false}
                lg={null}
                md={null}
                offset={Object {}}
                pull={Object {}}
                push={Object {}}
                sm={null}
                style={Object {}}
                xl={null}
                xs={null}
              >
                <ScreenClassResolver>
                  <div
                    style={
                      Object {
                        "boxSizing": "border-box",
                        "flexBasis": 0,
                        "flexGrow": 1,
                        "flexShrink": 0,
                        "left": "auto",
                        "marginLeft": "0%",
                        "maxWidth": "100%",
                        "minHeight": "1px",
                        "paddingLeft": "15px",
                        "paddingRight": "15px",
                        "position": "relative",
                        "right": "auto",
                        "width": "100%",
                      }
                    }
                  >
                    <SelectCustom
                      name="year"
                      onChange={[Function]}
                      options={
                        Array [
                          Object {
                            "label": 1970,
                            "value": "1970",
                          },
                          Object {
                            "label": 1971,
                            "value": "1971",
                          },
                          Object {
                            "label": 1972,
                            "value": "1972",
                          },
                          Object {
                            "label": 1973,
                            "value": "1973",
                          },
                          Object {
                            "label": 1974,
                            "value": "1974",
                          },
                          Object {
                            "label": 1975,
                            "value": "1975",
                          },
                          Object {
                            "label": 1976,
                            "value": "1976",
                          },
                          Object {
                            "label": 1977,
                            "value": "1977",
                          },
                          Object {
                            "label": 1978,
                            "value": "1978",
                          },
                          Object {
                            "label": 1979,
                            "value": "1979",
                          },
                          Object {
                            "label": 1980,
                            "value": "1980",
                          },
                          Object {
                            "label": 1981,
                            "value": "1981",
                          },
                          Object {
                            "label": 1982,
                            "value": "1982",
                          },
                          Object {
                            "label": 1983,
                            "value": "1983",
                          },
                          Object {
                            "label": 1984,
                            "value": "1984",
                          },
                          Object {
                            "label": 1985,
                            "value": "1985",
                          },
                          Object {
                            "label": 1986,
                            "value": "1986",
                          },
                          Object {
                            "label": 1987,
                            "value": "1987",
                          },
                          Object {
                            "label": 1988,
                            "value": "1988",
                          },
                          Object {
                            "label": 1989,
                            "value": "1989",
                          },
                          Object {
                            "label": 1990,
                            "value": "1990",
                          },
                          Object {
                            "label": 1991,
                            "value": "1991",
                          },
                          Object {
                            "label": 1992,
                            "value": "1992",
                          },
                          Object {
                            "label": 1993,
                            "value": "1993",
                          },
                          Object {
                            "label": 1994,
                            "value": "1994",
                          },
                          Object {
                            "label": 1995,
                            "value": "1995",
                          },
                          Object {
                            "label": 1996,
                            "value": "1996",
                          },
                          Object {
                            "label": 1997,
                            "value": "1997",
                          },
                          Object {
                            "label": 1998,
                            "value": "1998",
                          },
                          Object {
                            "label": 1999,
                            "value": "1999",
                          },
                          Object {
                            "label": 2000,
                            "value": "2000",
                          },
                          Object {
                            "label": 2001,
                            "value": "2001",
                          },
                          Object {
                            "label": 2002,
                            "value": "2002",
                          },
                          Object {
                            "label": 2003,
                            "value": "2003",
                          },
                          Object {
                            "label": 2004,
                            "value": "2004",
                          },
                          Object {
                            "label": 2005,
                            "value": "2005",
                          },
                          Object {
                            "label": 2006,
                            "value": "2006",
                          },
                          Object {
                            "label": 2007,
                            "value": "2007",
                          },
                          Object {
                            "label": 2008,
                            "value": "2008",
                          },
                          Object {
                            "label": 2009,
                            "value": "2009",
                          },
                          Object {
                            "label": 2010,
                            "value": "2010",
                          },
                          Object {
                            "label": 2011,
                            "value": "2011",
                          },
                          Object {
                            "label": 2012,
                            "value": "2012",
                          },
                          Object {
                            "label": 2013,
                            "value": "2013",
                          },
                          Object {
                            "label": 2014,
                            "value": "2014",
                          },
                          Object {
                            "label": 2015,
                            "value": "2015",
                          },
                          Object {
                            "label": 2016,
                            "value": "2016",
                          },
                          Object {
                            "label": 2017,
                            "value": "2017",
                          },
                          Object {
                            "label": 2018,
                            "value": "2018",
                          },
                          Object {
                            "label": 2019,
                            "value": "2019",
                          },
                        ]
                      }
                      placeholder="Year"
                    >
                      <select
                        className="selectCustom"
                        name="year"
                        onChange={[Function]}
                        placeholder="Year"
                      >
                        <option
                          key="1970"
                          value="1970"
                        >
                          1970
                        </option>
                        <option
                          key="1971"
                          value="1971"
                        >
                          1971
                        </option>
                        <option
                          key="1972"
                          value="1972"
                        >
                          1972
                        </option>
                        <option
                          key="1973"
                          value="1973"
                        >
                          1973
                        </option>
                        <option
                          key="1974"
                          value="1974"
                        >
                          1974
                        </option>
                        <option
                          key="1975"
                          value="1975"
                        >
                          1975
                        </option>
                        <option
                          key="1976"
                          value="1976"
                        >
                          1976
                        </option>
                        <option
                          key="1977"
                          value="1977"
                        >
                          1977
                        </option>
                        <option
                          key="1978"
                          value="1978"
                        >
                          1978
                        </option>
                        <option
                          key="1979"
                          value="1979"
                        >
                          1979
                        </option>
                        <option
                          key="1980"
                          value="1980"
                        >
                          1980
                        </option>
                        <option
                          key="1981"
                          value="1981"
                        >
                          1981
                        </option>
                        <option
                          key="1982"
                          value="1982"
                        >
                          1982
                        </option>
                        <option
                          key="1983"
                          value="1983"
                        >
                          1983
                        </option>
                        <option
                          key="1984"
                          value="1984"
                        >
                          1984
                        </option>
                        <option
                          key="1985"
                          value="1985"
                        >
                          1985
                        </option>
                        <option
                          key="1986"
                          value="1986"
                        >
                          1986
                        </option>
                        <option
                          key="1987"
                          value="1987"
                        >
                          1987
                        </option>
                        <option
                          key="1988"
                          value="1988"
                        >
                          1988
                        </option>
                        <option
                          key="1989"
                          value="1989"
                        >
                          1989
                        </option>
                        <option
                          key="1990"
                          value="1990"
                        >
                          1990
                        </option>
                        <option
                          key="1991"
                          value="1991"
                        >
                          1991
                        </option>
                        <option
                          key="1992"
                          value="1992"
                        >
                          1992
                        </option>
                        <option
                          key="1993"
                          value="1993"
                        >
                          1993
                        </option>
                        <option
                          key="1994"
                          value="1994"
                        >
                          1994
                        </option>
                        <option
                          key="1995"
                          value="1995"
                        >
                          1995
                        </option>
                        <option
                          key="1996"
                          value="1996"
                        >
                          1996
                        </option>
                        <option
                          key="1997"
                          value="1997"
                        >
                          1997
                        </option>
                        <option
                          key="1998"
                          value="1998"
                        >
                          1998
                        </option>
                        <option
                          key="1999"
                          value="1999"
                        >
                          1999
                        </option>
                        <option
                          key="2000"
                          value="2000"
                        >
                          2000
                        </option>
                        <option
                          key="2001"
                          value="2001"
                        >
                          2001
                        </option>
                        <option
                          key="2002"
                          value="2002"
                        >
                          2002
                        </option>
                        <option
                          key="2003"
                          value="2003"
                        >
                          2003
                        </option>
                        <option
                          key="2004"
                          value="2004"
                        >
                          2004
                        </option>
                        <option
                          key="2005"
                          value="2005"
                        >
                          2005
                        </option>
                        <option
                          key="2006"
                          value="2006"
                        >
                          2006
                        </option>
                        <option
                          key="2007"
                          value="2007"
                        >
                          2007
                        </option>
                        <option
                          key="2008"
                          value="2008"
                        >
                          2008
                        </option>
                        <option
                          key="2009"
                          value="2009"
                        >
                          2009
                        </option>
                        <option
                          key="2010"
                          value="2010"
                        >
                          2010
                        </option>
                        <option
                          key="2011"
                          value="2011"
                        >
                          2011
                        </option>
                        <option
                          key="2012"
                          value="2012"
                        >
                          2012
                        </option>
                        <option
                          key="2013"
                          value="2013"
                        >
                          2013
                        </option>
                        <option
                          key="2014"
                          value="2014"
                        >
                          2014
                        </option>
                        <option
                          key="2015"
                          value="2015"
                        >
                          2015
                        </option>
                        <option
                          key="2016"
                          value="2016"
                        >
                          2016
                        </option>
                        <option
                          key="2017"
                          value="2017"
                        >
                          2017
                        </option>
                        <option
                          key="2018"
                          value="2018"
                        >
                          2018
                        </option>
                        <option
                          key="2019"
                          value="2019"
                        >
                          2019
                        </option>
                      </select>
                    </SelectCustom>
                  </div>
                </ScreenClassResolver>
              </Col>
            </div>
          </Row>
          <Row
            align="normal"
            className="row"
            component="div"
            debug={false}
            justify="start"
            nogutter={false}
            style={Object {}}
          >
            <div
              className="row"
              style={
                Object {
                  "alignItems": "normal",
                  "display": "flex",
                  "flexGrow": 0,
                  "flexShrink": 0,
                  "flexWrap": "wrap",
                  "justifyContent": "flex-start",
                  "marginLeft": "-15px",
                  "marginRight": "-15px",
                }
              }
            >
              <Col
                component="div"
                debug={false}
                lg={null}
                md={null}
                offset={Object {}}
                pull={Object {}}
                push={Object {}}
                sm={null}
                style={Object {}}
                xl={null}
                xs={null}
              >
                <ScreenClassResolver>
                  <div
                    style={
                      Object {
                        "boxSizing": "border-box",
                        "flexBasis": 0,
                        "flexGrow": 1,
                        "flexShrink": 0,
                        "left": "auto",
                        "marginLeft": "0%",
                        "maxWidth": "100%",
                        "minHeight": "1px",
                        "paddingLeft": "15px",
                        "paddingRight": "15px",
                        "position": "relative",
                        "right": "auto",
                        "width": "100%",
                      }
                    }
                  >
                    <TextBox
                      label="Email"
                      name="email"
                      onChange={[Function]}
                      value=""
                    >
                      <div
                        className="textBox"
                      >
                        <label
                          className="title"
                          htmlFor="email"
                        >
                          Email
                        </label>
                        <input
                          className="input"
                          id="email"
                          name="email"
                          onChange={[Function]}
                          type="text"
                          value=""
                        />
                      </div>
                    </TextBox>
                  </div>
                </ScreenClassResolver>
              </Col>
            </div>
          </Row>
          <Row
            align="normal"
            component="div"
            debug={false}
            justify="start"
            nogutter={false}
            style={Object {}}
          >
            <div
              style={
                Object {
                  "alignItems": "normal",
                  "display": "flex",
                  "flexGrow": 0,
                  "flexShrink": 0,
                  "flexWrap": "wrap",
                  "justifyContent": "flex-start",
                  "marginLeft": "-15px",
                  "marginRight": "-15px",
                }
              }
            >
              <Col
                component="div"
                debug={false}
                lg={null}
                md={null}
                offset={Object {}}
                pull={Object {}}
                push={Object {}}
                sm={null}
                style={Object {}}
                xl={null}
                xs={null}
              >
                <ScreenClassResolver>
                  <div
                    style={
                      Object {
                        "boxSizing": "border-box",
                        "flexBasis": 0,
                        "flexGrow": 1,
                        "flexShrink": 0,
                        "left": "auto",
                        "marginLeft": "0%",
                        "maxWidth": "100%",
                        "minHeight": "1px",
                        "paddingLeft": "15px",
                        "paddingRight": "15px",
                        "position": "relative",
                        "right": "auto",
                        "width": "100%",
                      }
                    }
                  >
                    <label
                      htmlFor="gender"
                    >
                      Gender
                    </label>
                  </div>
                </ScreenClassResolver>
              </Col>
            </div>
          </Row>
          <Row
            align="normal"
            className="row"
            component="div"
            debug={false}
            justify="start"
            nogutter={false}
            style={Object {}}
          >
            <div
              className="row"
              style={
                Object {
                  "alignItems": "normal",
                  "display": "flex",
                  "flexGrow": 0,
                  "flexShrink": 0,
                  "flexWrap": "wrap",
                  "justifyContent": "flex-start",
                  "marginLeft": "-15px",
                  "marginRight": "-15px",
                }
              }
            >
              <Col
                component="div"
                debug={false}
                lg={null}
                md={null}
                offset={Object {}}
                pull={Object {}}
                push={Object {}}
                sm={null}
                style={Object {}}
                xl={null}
                xs={null}
              >
                <ScreenClassResolver>
                  <div
                    style={
                      Object {
                        "boxSizing": "border-box",
                        "flexBasis": 0,
                        "flexGrow": 1,
                        "flexShrink": 0,
                        "left": "auto",
                        "marginLeft": "0%",
                        "maxWidth": "100%",
                        "minHeight": "1px",
                        "paddingLeft": "15px",
                        "paddingRight": "15px",
                        "position": "relative",
                        "right": "auto",
                        "width": "100%",
                      }
                    }
                  >
                    <SelectCustom
                      id="gender"
                      name="gender"
                      onChange={[Function]}
                      options={
                        Array [
                          Object {
                            "label": "Male",
                            "value": "male",
                          },
                          Object {
                            "label": "Female",
                            "value": "female",
                          },
                        ]
                      }
                      value=""
                    >
                      <select
                        className="selectCustom"
                        id="gender"
                        name="gender"
                        onChange={[Function]}
                        value=""
                      >
                        <option
                          key="male"
                          value="male"
                        >
                          Male
                        </option>
                        <option
                          key="female"
                          value="female"
                        >
                          Female
                        </option>
                      </select>
                    </SelectCustom>
                  </div>
                </ScreenClassResolver>
              </Col>
            </div>
          </Row>
          <Row
            align="normal"
            component="div"
            debug={false}
            justify="start"
            nogutter={false}
            style={Object {}}
          >
            <div
              style={
                Object {
                  "alignItems": "normal",
                  "display": "flex",
                  "flexGrow": 0,
                  "flexShrink": 0,
                  "flexWrap": "wrap",
                  "justifyContent": "flex-start",
                  "marginLeft": "-15px",
                  "marginRight": "-15px",
                }
              }
            >
              <Col
                component="div"
                debug={false}
                lg={null}
                md={null}
                offset={Object {}}
                pull={Object {}}
                push={Object {}}
                sm={null}
                style={Object {}}
                xl={null}
                xs={null}
              >
                <ScreenClassResolver>
                  <div
                    style={
                      Object {
                        "boxSizing": "border-box",
                        "flexBasis": 0,
                        "flexGrow": 1,
                        "flexShrink": 0,
                        "left": "auto",
                        "marginLeft": "0%",
                        "maxWidth": "100%",
                        "minHeight": "1px",
                        "paddingLeft": "15px",
                        "paddingRight": "15px",
                        "position": "relative",
                        "right": "auto",
                        "width": "100%",
                      }
                    }
                  >
                    <Button
                      className=""
                      disabled={true}
                      onClick={[Function]}
                      type=""
                    >
                      <button
                        className="button "
                        disabled={true}
                        onClick={[Function]}
                      >
                        Save
                      </button>
                    </Button>
                  </div>
                </ScreenClassResolver>
              </Col>
            </div>
          </Row>
          <span
            style={
              Object {
                "clear": "both",
                "display": "table",
              }
            }
          />
        </div>
      </ScreenClassProvider>
    </ScreenClassResolver>
  </Container>
</FamilyMemberForm>
`;
