// Jest Snapshot v1, https://goo.gl/fbAQLP

exports[`<CustomItem /> should render CustomItem as expected 1`] = `
<CustomItem
  subHeader=""
  user={Object {}}
>
  <div
    className="userItem"
  >
    <div
      className="userData"
    >
      <Avatar
        className="addAvatar"
        icon={
          <Icon
            className="addIcon"
            type="add"
          />
        }
        img=""
        name=""
        size="small"
      >
        <div
          className="avatar addAvatar small"
        >
          <Icon
            className="addIcon"
            type="add"
          >
            <svg
              className="svgIcon addIcon"
              fill="#400099"
              height="24"
              role="img"
              viewBox="0 0 24 24"
              width="24"
            >
              <title />
              <path
                d="M12.75 12.75v6.513a.75.75 0 1 1-1.5 0V12.75H4.74a.75.75 0 1 1 0-1.5h6.51V4.713a.75.75 0 1 1 1.5 0v6.537h6.568a.75.75 0 1 1 0 1.5H12.75z"
              />
            </svg>
          </Icon>
        </div>
      </Avatar>
      <UserHeader
        subHeader=""
        subheader=""
        title=""
      >
        <div />
      </UserHeader>
    </div>
    <div
      className="actions"
    />
  </div>
</CustomItem>
`;
