// Jest Snapshot v1, https://goo.gl/fbAQLP

exports[`<MenuItem /> should render MenuItem as expected 1`] = `
<BrowserRouter>
  <Router
    history={
      Object {
        "action": "POP",
        "block": [Function],
        "createHref": [Function],
        "go": [Function],
        "goBack": [Function],
        "goForward": [Function],
        "length": 1,
        "listen": [Function],
        "location": Object {
          "hash": "",
          "pathname": "/",
          "search": "",
          "state": undefined,
        },
        "push": [Function],
        "replace": [Function],
      }
    }
  >
    <MenuItem
      to=""
    >
      <Link
        className="menuItem"
        replace={false}
        to=""
      >
        <a
          className="menuItem"
          href="/"
          onClick={[Function]}
        >
          <i />
          <span />
        </a>
      </Link>
    </MenuItem>
  </Router>
</BrowserRouter>
`;
